This is pdfTeX, Version 3.141592653-2.6-1.40.29 (MiKTeX 26.1) (preloaded format=pdflatex 2026.4.14)  14 APR 2026 13:16
entering extended mode
 restricted \write18 enabled.
 %&-line parsing enabled.
**C:/Users/jonathenmarin/Documents/March-Mardness/Slides/preamble.tex
(C:/Users/jonathenmarin/Documents/March-Mardness/Slides/preamble.tex
LaTeX2e <2025-11-01>
L3 programming layer <2026-01-19>
! Undefined control sequence.
l.1 \institute
              [CSU Fresno]{California State University, Fresno}
The control sequence at the end of the top line
of your error message was never \def'ed. If you have
misspelled it (e.g., `\hobx'), type `I' and the correct
spelling (e.g., `I\hbox'). Otherwise just continue,
and I'll forget about whatever was undefined.

 
Here is how much of TeX's memory you used:
 17 strings out of 467866
 526 string characters out of 5414453
 433759 words of memory out of 5000000
 29000 multiletter control sequences out of 15000+600000
 627721 words of font info for 40 fonts, out of 8000000 for 9000
 1141 hyphenation exceptions out of 8191
 12i,0n,13p,158b,8s stack positions out of 10000i,1000n,20000p,200000b,200000s
!  ==> Fatal error occurred, no output PDF file produced!
